[E:/Мои веб сайы/1/backblue.gif]
[E:/Мои веб сайы/1/fade.gif]
[E:/Мои веб сайы/1/index.html]
[E:/Мои веб сайы/1/www.pdfconvertonline.com/javascript/jquery.min.js]
[E:/Мои веб сайы/1/www.pdfconvertonline.com/javascript/custom.js]
[E:/Мои веб сайы/1/www.pdfconvertonline.com/external/jquery.masonry.min.js]
[E:/Мои веб сайы/1/www.pdfconvertonline.com/javascript/jquery.waiting.js]
[E:/Мои веб сайы/1/www.pdfconvertonline.com/images/header/logo.png]
[E:/Мои веб сайы/1/pagead2.googlesyndication.com/pagead/js/f.txt]
[E:/Мои веб сайы/1/www.pdfconvertonline.com/ps-to-pdf-online.html]
[E:/Мои веб сайы/1/www.pdfconvertonline.com/external/bootstrap/img/glyphicons-halflings.png]
[E:/Мои веб сайы/1/www.pdfconvertonline.com/external/bootstrap/css/bootstrap.css]
[E:/Мои веб сайы/1/www.pdfconvertonline.com/external/bootstrap/img/glyphicons-halflings-white.png]
[E:/Мои веб сайы/1/www.pdfconvertonline.com/images/header/menu_arrow.png]
[E:/Мои веб сайы/1/www.pdfconvertonline.com/images/icons/ul-li.png]
[E:/Мои веб сайы/1/www.pdfconvertonline.com/images/header/bg_header.png]
[E:/Мои веб сайы/1/www.pdfconvertonline.com/images/content-tab/tab-selected.png]
[E:/Мои веб сайы/1/www.pdfconvertonline.com/css-files/getCss.css]
[E:/Мои веб сайы/1/www.pdfconvertonline.com/css-files/waiting.css]
[E:/Мои веб сайы/1/www.pdfconvertonline.com/javascript/jquery.plugins-min.js]
[E:/Мои веб сайы/1/www.pdfconvertonline.com/javascript/smk-framework-min.js]
[E:/Мои веб сайы/1/www.pdfconvertonline.com/index.html]
[E:/Мои веб сайы/1/www.pdfconvertonline.com/word-to-pdf-online.html]
[E:/Мои веб сайы/1/www.pdfconvertonline.com/excel-to-pdf-online.html]
[E:/Мои веб сайы/1/www.pdfconvertonline.com/powerpoint-to-pdf-online.html]
[E:/Мои веб сайы/1/www.pdfconvertonline.com/xps-to-pdf-online.html]
[E:/Мои веб сайы/1/www.pdfconvertonline.com/epub-to-pdf-online.html]
[E:/Мои веб сайы/1/www.pdfconvertonline.com/htm-to-pdf-online.html]
[E:/Мои веб сайы/1/www.pdfconvertonline.com/web-to-pdf-online.html]
[E:/Мои веб сайы/1/www.pdfconvertonline.com/pdf-to-word-online.html]
[E:/Мои веб сайы/1/www.pdfconvertonline.com/pdf-to-excel-online.html]
[E:/Мои веб сайы/1/www.pdfconvertonline.com/pdf-to-powerpoint-online.html]
[E:/Мои веб сайы/1/www.pdfconvertonline.com/pdf-to-epub-online.html]
[E:/Мои веб сайы/1/www.pdfconvertonline.com/pdf-to-jpeg-online.html]
[E:/Мои веб сайы/1/www.pdfconvertonline.com/pdf-to-tiff-online.html]
[E:/Мои веб сайы/1/www.pdfconvertonline.com/pdf-to-txt-online.html]
[E:/Мои веб сайы/1/www.pdfconvertonline.com/pdf-to-html-online.html]
[E:/Мои веб сайы/1/www.pdfconvertonline.com/compress-pdf-online.html]
[E:/Мои веб сайы/1/www.pdfconvertonline.com/scanned-pdf-ocr.html]
[E:/Мои веб сайы/1/www.pdfconvertonline.com/split-pdf-online.html]
[E:/Мои веб сайы/1/www.pdfconvertonline.com/join-pdf-online.html]
[E:/Мои веб сайы/1/www.pdfconvertonline.com/rotate-pdf-online.html]
[E:/Мои веб сайы/1/www.pdfconvertonline.com/extract-pdf-online.html]
[E:/Мои веб сайы/1/www.pdfconvertonline.com/encrypt-pdf-online.html]
[E:/Мои веб сайы/1/www.pdfconvertonline.com/remove-pdf-restrictions-online.html]
[E:/Мои веб сайы/1/www.pdfconvertonline.com/online-programs.html]
[E:/Мои веб сайы/1/www.pdfconvertonline.com/faqs/index.html]
[E:/Мои веб сайы/1/www.pdfconvertonline.com/privacy.html]
[E:/Мои веб сайы/1/www.pdfconvertonline.com/sitemap.xml]
[E:/Мои веб сайы/1/www.pdfconvertonline.com/sitemap.html]
[E:/Мои веб сайы/1/www.pdfconvertonline.com/images/content-tab/acc-plus.png]
[E:/Мои веб сайы/1/www.pdfconvertonline.com/css-files/accordion.css]
[E:/Мои веб сайы/1/www.pdfconvertonline.com/pdf-to-xps-online.html]
[E:/Мои веб сайы/1/www.pdfconvertonline.com/oxps-to-xps-online.html]
[E:/Мои веб сайы/1/www.pdfconvertonline.com/htm-to-jpg-online.html]
[E:/Мои веб сайы/1/www.pdfconvertonline.com/htm-to-png-online.html]
[E:/Мои веб сайы/1/www.pdfconvertonline.com/webpage-to-jpg-online.html]
[E:/Мои веб сайы/1/www.pdfconvertonline.com/webpage-to-png-online.html]
[E:/Мои веб сайы/1/www.pdfconvertonline.com/jpg-to-txt-online.html]
[E:/Мои веб сайы/1/www.pdfconvertonline.com/create-pdf-online.html]
[E:/Мои веб сайы/1/www.pdfconvertonline.com/word-to-pdf-ocr-online.html]
[E:/Мои веб сайы/1/www.pdfconvertonline.com/doc-to-pdf-online.html]
[E:/Мои веб сайы/1/www.pdfconvertonline.com/docx-to-pdf-online.html]
[E:/Мои веб сайы/1/www.pdfconvertonline.com/xls-to-pdf-online.html]
[E:/Мои веб сайы/1/www.pdfconvertonline.com/xlsx-to-pdf-online.html]
[E:/Мои веб сайы/1/www.pdfconvertonline.com/ppt-to-pdf-online.html]
[E:/Мои веб сайы/1/www.pdfconvertonline.com/pptx-to-pdf-online.html]
[E:/Мои веб сайы/1/www.pdfconvertonline.com/pcl-to-pdf-online.html]
[E:/Мои веб сайы/1/www.pdfconvertonline.com/ebook-to-pdf-online.html]
[E:/Мои веб сайы/1/www.pdfconvertonline.com/mobi-to-pdf-online.html]
[E:/Мои веб сайы/1/www.pdfconvertonline.com/djvu-to-pdf-online.html]
[E:/Мои веб сайы/1/www.pdfconvertonline.com/azw-to-pdf-online.html]
[E:/Мои веб сайы/1/www.pdfconvertonline.com/lit-to-pdf-online.html]
[E:/Мои веб сайы/1/www.pdfconvertonline.com/chm-to-pdf-online.html]
[E:/Мои веб сайы/1/www.pdfconvertonline.com/opendocument-to-pdf-online.html]
[E:/Мои веб сайы/1/www.pdfconvertonline.com/staroffice-to-pdf-online.html]
[E:/Мои веб сайы/1/www.pdfconvertonline.com/wps-to-pdf-online.html]
[E:/Мои веб сайы/1/www.pdfconvertonline.com/pages-to-pdf-online.html]
[E:/Мои веб сайы/1/www.pdfconvertonline.com/keynote-to-pdf-online.html]
[E:/Мои веб сайы/1/www.pdfconvertonline.com/coreldraw-to-pdf-online.html]
[E:/Мои веб сайы/1/www.pdfconvertonline.com/pub-to-pdf-online.html]
[E:/Мои веб сайы/1/www.pdfconvertonline.com/rtf-to-pdf-online.html]
[E:/Мои веб сайы/1/www.pdfconvertonline.com/mht-to-pdf-online.html]
[E:/Мои веб сайы/1/www.pdfconvertonline.com/mpp-to-pdf-online.html]
[E:/Мои веб сайы/1/www.pdfconvertonline.com/dwg-to-pdf-online.html]
[E:/Мои веб сайы/1/www.pdfconvertonline.com/xml-to-pdf-online.html]
[E:/Мои веб сайы/1/www.pdfconvertonline.com/visio-to-pdf-online.html]
[E:/Мои веб сайы/1/www.pdfconvertonline.com/ai-to-pdf-online.html]
[E:/Мои веб сайы/1/www.pdfconvertonline.com/jpeg-to-pdf-ocr-online.html]
[E:/Мои веб сайы/1/www.pdfconvertonline.com/png-to-pdf-online.html]
[E:/Мои веб сайы/1/www.pdfconvertonline.com/gif-to-pdf-online.html]
[E:/Мои веб сайы/1/www.pdfconvertonline.com/tiff-to-pdf-online.html]
[E:/Мои веб сайы/1/www.pdfconvertonline.com/psd-to-pdf-online.html]
[E:/Мои веб сайы/1/www.pdfconvertonline.com/bmp-to-pdf-online.html]
[E:/Мои веб сайы/1/www.pdfconvertonline.com/txt-to-pdf-online.html]
[E:/Мои веб сайы/1/www.pdfconvertonline.com/eps-to-pdf-online.html]
[E:/Мои веб сайы/1/www.pdfconvertonline.com/pnm-to-pdf-online.html]
[E:/Мои веб сайы/1/www.pdfconvertonline.com/raw-to-pdf-online.html]
[E:/Мои веб сайы/1/www.pdfconvertonline.com/pdf-to-word-ocr-online.html]
[E:/Мои веб сайы/1/www.pdfconvertonline.com/pdf-to-docx-online.html]
[E:/Мои веб сайы/1/www.pdfconvertonline.com/pdf-to-doc-online.html]
[E:/Мои веб сайы/1/www.pdfconvertonline.com/pdf-to-rtf-online.html]
[E:/Мои веб сайы/1/www.pdfconvertonline.com/pdf-to-xls-online.html]
[E:/Мои веб сайы/1/www.pdfconvertonline.com/pdf-to-xlsx-online.html]
[E:/Мои веб сайы/1/www.pdfconvertonline.com/pdf-to-pptx-online.html]
[E:/Мои веб сайы/1/www.pdfconvertonline.com/pdf-to-ppt-online.html]
[E:/Мои веб сайы/1/www.pdfconvertonline.com/pdf-to-ebook-online.html]
[E:/Мои веб сайы/1/www.pdfconvertonline.com/pdf-to-mobi-online.html]
[E:/Мои веб сайы/1/www.pdfconvertonline.com/pdf-to-azw-online.html]
[E:/Мои веб сайы/1/www.pdfconvertonline.com/pdf-to-html-ocr-online.html]
[E:/Мои веб сайы/1/www.pdfconvertonline.com/pdf-to-png-online.html]
[E:/Мои веб сайы/1/www.pdfconvertonline.com/pdf-to-bmp-online.html]
[E:/Мои веб сайы/1/www.pdfconvertonline.com/pdf-to-psd-online.html]
[E:/Мои веб сайы/1/www.pdfconvertonline.com/pdf-to-ps-online.html]
[E:/Мои веб сайы/1/www.pdfconvertonline.com/pdf-to-pnm-online.html]
[E:/Мои веб сайы/1/www.pdfconvertonline.com/pdf-to-txt-ocr-online.html]
[E:/Мои веб сайы/1/www.pdfconvertonline.com/pdf-to-swf-online.html]
[E:/Мои веб сайы/1/www.pdfconvertonline.com/pdf-to-pdf-ocr-online.html]
[E:/Мои веб сайы/1/www.pdfconvertonline.com/stamp-pdf-online.html]
[E:/Мои веб сайы/1/www.pdfconvertonline.com/replace-text-in-pdf-online.html]
[E:/Мои веб сайы/1/www.pdfconvertonline.com/extract-pdf-text-online.html]
[E:/Мои веб сайы/1/www.pdfconvertonline.com/extract-pdf-images-online.html]
[E:/Мои веб сайы/1/www.pdfconvertonline.com/extract-pdf-fonts-online.html]
[E:/Мои веб сайы/1/www.pdfconvertonline.com/extract-pdf-attachments-online.html]
[E:/Мои веб сайы/1/www.pdfconvertonline.com/word-to-xps-online.html]
[E:/Мои веб сайы/1/www.pdfconvertonline.com/word-to-html-online.html]
[E:/Мои веб сайы/1/www.pdfconvertonline.com/excel-to-html-online.html]
[E:/Мои веб сайы/1/www.pdfconvertonline.com/xps-to-jpg-online.html]
[E:/Мои веб сайы/1/www.pdfconvertonline.com/convert-image-online.html]
[E:/Мои веб сайы/1/www.pdfconvertonline.com/faqs/what-is-pdf-format.html]
[E:/Мои веб сайы/1/www.pdfconvertonline.com/faqs/why-choose-pdf-format.html]
[E:/Мои веб сайы/1/www.pdfconvertonline.com/faqs/what-are-pdf-passwords-and-restrictions.html]
[E:/Мои веб сайы/1/www.pdfconvertonline.com/faqs/what-solution-do-you-provide-to-convert-pdf-files.html]
[E:/Мои веб сайы/1/www.pdfconvertonline.com/faqs/is-your-pdf-converter-online-program-free.html]
[E:/Мои веб сайы/1/www.pdfconvertonline.com/faqs/can-i-access-online-pdf-converter-on-my-phone.html]
[E:/Мои веб сайы/1/www.pdfconvertonline.com/faqs/is-there-file-size-limit-for-online-programs.html]
[E:/Мои веб сайы/1/www.pdfconvertonline.com/faqs/can-online-pdf-converter-handle-non-standard-fonts.html]
[E:/Мои веб сайы/1/www.pdfconvertonline.com/faqs/is-it-safe-to-convert-pdf-files-online.html]
[E:/Мои веб сайы/1/www.pdfconvertonline.com/faqs/do-all-functions-of-pdfconvert-have-online-versions.html]
[E:/Мои веб сайы/1/www.pdfconvertonline.com/faqs/which-online-program-should-i-use.html]
[E:/Мои веб сайы/1/www.pdfconvertonline.com/faqs/why-is-my-online-file-conversion-failed.html]
[E:/Мои веб сайы/1/www.pdfconvertonline.com/faqs/why-does-online-program-support-more-formats-than-software.html]
[E:/Мои веб сайы/1/www.pdfconvertonline.com/faqs/can-pdfconvert-convert-encrypted-document-to-pdf.html]
[E:/Мои веб сайы/1/www.pdfconvertonline.com/faqs/how-to-add-watermarks-or-passwords-on-pdf-file.html]
[E:/Мои веб сайы/1/www.pdfconvertonline.com/faqs/how-to-choose-pages-in-the-pdf-file.html]
[E:/Мои веб сайы/1/www.pdfconvertonline.com/faqs/how-to-convert-pdf-files-protected-by-passwords.html]
[E:/Мои веб сайы/1/www.pdfconvertonline.com/faqs/how-to-differentiate-between-normal-pdf-and-scanned-pdf.html]
[E:/Мои веб сайы/1/www.pdfconvertonline.com/faqs/why-the-quality-of-the-converted-file-is-not-good.html]
[E:/Мои веб сайы/1/www.pdfconvertonline.com/faqs/can-pdfconvert-convert-word-to-jpg-files.html]
[E:/Мои веб сайы/1/www.pdfconvertonline.com/faqs/how-to-customize-the-exported-image-files.html]
[E:/Мои веб сайы/1/www.pdfconvertonline.com/faqs/what-are-the-limitations-of-trial-version.html]
[E:/Мои веб сайы/1/www.pdfconvertonline.com/faqs/how-can-i-remove-registration-backup-service.html]
[E:/Мои веб сайы/1/www.pdfconvertonline.com/faqs/how-can-i-get-an-invoice-for-my-order.html]
[E:/Мои веб сайы/1/www.pdfconvertonline.com/faqs/why-does-it-charge-more-than-the-price-listed-on-website.html]
[E:/Мои веб сайы/1/www.pdfconvertonline.com/faqs/why-is-it-still-showing-as-unregistered-after-purchasing.html]
[E:/Мои веб сайы/1/www.pdfconvertonline.com/faqs/is-it-secure-to-purchase-from-your-website.html]
[E:/Мои веб сайы/1/www.pdfconvertonline.com/faqs/what-kinds-of-payment-do-you-accept.html]
[E:/Мои веб сайы/1/www.pdfconvertonline.com/faqs/how-can-i-know-whether-my-order-is-processed-successfully.html]
[E:/Мои веб сайы/1/www.pdfconvertonline.com/faqs/what-to-do-if-the-registration-code-is-invalid.html]
[E:/Мои веб сайы/1/www.pdfconvertonline.com/faqs/can-i-upgrade-my-software-for-free.html]
[E:/Мои веб сайы/1/www.pdfconvertonline.com/faqs/do-you-provide-technical-support-fort-trial-users.html]
[E:/Мои веб сайы/1/www.pdfconvertonline.com/images/screenshots/pdfconvert.png]
[E:/Мои веб сайы/1/www.pdfconvertonline.com/images/screenshots/pdfconvert_460.png]
[E:/Мои веб сайы/1/www.pdfconvertonline.com/images/screenshots/pdfconvert_460_01.png]
[E:/Мои веб сайы/1/www.pdfconvertonline.com/images/screenshots/pdfconvert_460_02.png]
[E:/Мои веб сайы/1/www.pdfconvertonline.com/images/screenshots/pdfconvert_460_03.png]
[E:/Мои веб сайы/1/www.pdfconvertonline.com/pdfconvert.html]
[E:/Мои веб сайы/1/www.pdfconvertonline.com/images/icons/image-to-pdf.png]
[E:/Мои веб сайы/1/www.pdfconvertonline.com/images/icons/text-to-pdf.png]
[E:/Мои веб сайы/1/www.pdfconvertonline.com/images/icons/word-to-pdf.png]
[E:/Мои веб сайы/1/www.pdfconvertonline.com/images/icons/htm-to-pdf.png]
[E:/Мои веб сайы/1/www.pdfconvertonline.com/images/icons/chm-to-pdf.png]
[E:/Мои веб сайы/1/www.pdfconvertonline.com/images/icons/epub-to-pdf.png]
[E:/Мои веб сайы/1/www.pdfconvertonline.com/images/icons/mobi-to-pdf.png]
[E:/Мои веб сайы/1/www.pdfconvertonline.com/images/icons/pdf-to-image.png]
[E:/Мои веб сайы/1/www.pdfconvertonline.com/images/icons/pdf-to-text.png]
[E:/Мои веб сайы/1/www.pdfconvertonline.com/images/icons/pdf-to-word.png]
[E:/Мои веб сайы/1/www.pdfconvertonline.com/images/icons/pdf-to-htm.png]
[E:/Мои веб сайы/1/www.pdfconvertonline.com/images/icons/pdf-to-epub.png]
[E:/Мои веб сайы/1/www.pdfconvertonline.com/images/icons/pdf-to-chm.png]
[E:/Мои веб сайы/1/www.pdfconvertonline.com/images/icons/split-pdf.png]
[E:/Мои веб сайы/1/www.pdfconvertonline.com/images/icons/join-pdf.png]
[E:/Мои веб сайы/1/www.pdfconvertonline.com/images/icons/pdf-settings.png]
[E:/Мои веб сайы/1/www.pdfconvertonline.com/images/icons/encrypt-pdf.png]
[E:/Мои веб сайы/1/www.pdfconvertonline.com/features.html]
[E:/Мои веб сайы/1/www.pdfconvertonline.com/whats-new.html]
[E:/Мои веб сайы/1/www.pdfconvertonline.com/images/screenshots/command-line.png]
[E:/Мои веб сайы/1/www.pdfconvertonline.com/command-line.html]
[E:/Мои веб сайы/1/www.pdfconvertonline.com/download/pdfconvert.apk]
[E:/Мои веб сайы/1/www.pdfconvertonline.com/images/screenshots/pdfconvert-android-1.png]
[E:/Мои веб сайы/1/www.pdfconvertonline.com/images/screenshots/pdfconvert-android-3.png]
[E:/Мои веб сайы/1/www.pdfconvertonline.com/images/screenshots/pdfconvert_android_460_01.png]
[E:/Мои веб сайы/1/www.pdfconvertonline.com/images/screenshots/pdfconvert_android_460_02.png]
[E:/Мои веб сайы/1/www.pdfconvertonline.com/images/screenshots/pdfconvert_android_460_03.png]
[E:/Мои веб сайы/1/www.pdfconvertonline.com/pdfconvert-android.html]
[E:/Мои веб сайы/1/www.paypalobjects.com/en_US/i/btn/btn_buynowCC_LGd4a3.gif]
[E:/Мои веб сайы/1/www.pdfconvertonline.com/rest-web-api.html]
[E:/Мои веб сайы/1/www.pdfconvertonline.com/images/page-index/check.png]
[E:/Мои веб сайы/1/www.pdfconvertonline.com/comparison.html]
[E:/Мои веб сайы/1/www.pdfconvertonline.com/help/index.html]
[E:/Мои веб сайы/1/www.pdfconvertonline.com/tips/index.html]
[E:/Мои веб сайы/1/www.pdfconvertonline.com/tutorials/index.html]
[E:/Мои веб сайы/1/www.pdfconvertonline.com/images/help/add-image-files.png]
[E:/Мои веб сайы/1/www.pdfconvertonline.com/convert-image-to-pdf.html]
[E:/Мои веб сайы/1/www.pdfconvertonline.com/images/help/add-document-files.png]
[E:/Мои веб сайы/1/www.pdfconvertonline.com/convert-text-to-pdf.html]
[E:/Мои веб сайы/1/www.pdfconvertonline.com/convert-word-to-pdf.html]
[E:/Мои веб сайы/1/www.pdfconvertonline.com/convert-htm-to-pdf.html]
[E:/Мои веб сайы/1/www.pdfconvertonline.com/convert-chm-to-pdf.html]
[E:/Мои веб сайы/1/www.pdfconvertonline.com/convert-epub-to-pdf.html]
[E:/Мои веб сайы/1/www.pdfconvertonline.com/convert-mobi-to-pdf.html]
[E:/Мои веб сайы/1/www.pdfconvertonline.com/images/help/add-pdf-files.png]
[E:/Мои веб сайы/1/www.pdfconvertonline.com/convert-pdf-to-image.html]
[E:/Мои веб сайы/1/www.pdfconvertonline.com/convert-pdf-to-text.html]
[E:/Мои веб сайы/1/www.pdfconvertonline.com/convert-pdf-to-word.html]
[E:/Мои веб сайы/1/www.pdfconvertonline.com/convert-pdf-to-htm.html]
[E:/Мои веб сайы/1/www.pdfconvertonline.com/convert-pdf-to-epub.html]
[E:/Мои веб сайы/1/www.pdfconvertonline.com/convert-pdf-to-chm.html]
[E:/Мои веб сайы/1/www.pdfconvertonline.com/images/help/add-watermark-to-pdf.png]
[E:/Мои веб сайы/1/www.pdfconvertonline.com/add-pdf-watermark.html]
[E:/Мои веб сайы/1/www.pdfconvertonline.com/images/help/add-pdf-restrictions.png]
[E:/Мои веб сайы/1/www.pdfconvertonline.com/secure-pdf.html]
[E:/Мои веб сайы/1/www.pdfconvertonline.com/images/screenshots/pdfsplit.png]
[E:/Мои веб сайы/1/www.pdfconvertonline.com/images/help/optimize-pdf.png]
[E:/Мои веб сайы/1/www.pdfconvertonline.com/optimize-pdf.html]
[E:/Мои веб сайы/1/www.pdfconvertonline.com/images/help/split-pdf.png]
[E:/Мои веб сайы/1/www.pdfconvertonline.com/split-pdf.html]
[E:/Мои веб сайы/1/www.pdfconvertonline.com/images/help/join-pdf.png]
[E:/Мои веб сайы/1/www.pdfconvertonline.com/join-pdf.html]
[E:/Мои веб сайы/1/www.pdfconvertonline.com/images/icons/pdf.png]
[E:/Мои веб сайы/1/www.pdfconvertonline.com/images/help/remove-pdf-restrictions.png]
[E:/Мои веб сайы/1/www.pdfconvertonline.com/remove-pdf-restrictions.html]
[E:/Мои веб сайы/1/www.pdfconvertonline.com/missing.html]
[E:/Мои веб сайы/1/www.pdfconvertonline.com/pcl-to-jpg-online.html]
[E:/Мои веб сайы/1/www.pdfconvertonline.com/download/docxtopdf.exe]
[E:/Мои веб сайы/1/www.pdfconvertonline.com/images/screenshots/docxtopdf.png]
[E:/Мои веб сайы/1/www.pdfconvertonline.com/docx-to-pdf-converter.html]
[E:/Мои веб сайы/1/www.pdfconvertonline.com/download/jpegtopdf.exe]
[E:/Мои веб сайы/1/www.pdfconvertonline.com/images/screenshots/jpegtopdf.png]
[E:/Мои веб сайы/1/www.pdfconvertonline.com/jpeg-to-pdf-converter.html]
[E:/Мои веб сайы/1/www.pdfconvertonline.com/download/mobitopdf.exe]
[E:/Мои веб сайы/1/www.pdfconvertonline.com/images/screenshots/mobitopdf.png]
[E:/Мои веб сайы/1/www.pdfconvertonline.com/mobi-to-pdf-converter.html]
[E:/Мои веб сайы/1/www.pdfconvertonline.com/download/pdftoxls.exe]
[E:/Мои веб сайы/1/www.pdfconvertonline.com/images/screenshots/pdftoxls.png]
[E:/Мои веб сайы/1/www.pdfconvertonline.com/pdf-to-xls-converter.html]
[E:/Мои веб сайы/1/www.pdfconvertonline.com/download/pdfsplit.exe]
[E:/Мои веб сайы/1/www.pdfconvertonline.com/pdf-splitter-joiner.html]
[E:/Мои веб сайы/1/www.pdfconvertonline.com/download/pdfr.exe]
[E:/Мои веб сайы/1/www.pdfconvertonline.com/images/screenshots/pdfr.png]
[E:/Мои веб сайы/1/www.pdfconvertonline.com/pdf-restrictions-remover.html]
[E:/Мои веб сайы/1/www.pdfconvertonline.com/xml/pdfconvert.xml]
[E:/Мои веб сайы/1/www.pdfconvertonline.com/xml/pdfconvert-android.xml]
[E:/Мои веб сайы/1/www.pdfconvertonline.com/xml/jpegtopdf.xml]
[E:/Мои веб сайы/1/www.pdfconvertonline.com/xml/docxtopdf.xml]
[E:/Мои веб сайы/1/www.pdfconvertonline.com/xml/mobitopdf.xml]
[E:/Мои веб сайы/1/www.pdfconvertonline.com/xml/pdftoxls.xml]
[E:/Мои веб сайы/1/www.pdfconvertonline.com/xml/pdfsplit.xml]
[E:/Мои веб сайы/1/www.pdfconvertonline.com/xml/pdfr.xml]
[E:/Мои веб сайы/1/www.pdfconvertonline.com/pad-files.html]
[E:/Мои веб сайы/1/cdn.tinymce.com/4/tinymce.min.js]
[E:/Мои веб сайы/1/www.pdfconvertonline.com/image-formats.html]
[E:/Мои веб сайы/1/www.pdfconvertonline.com/new.html]
[E:/Мои веб сайы/1/www.pdfconvertonline.com/images/help/command-line.png]
[E:/Мои веб сайы/1/www.pdfconvertonline.com/help/command-line.html]
[E:/Мои веб сайы/1/www.pdfconvertonline.com/help/command-line-samples.html]
[E:/Мои веб сайы/1/www.aconvert.com/js/jquery.js]
[E:/Мои веб сайы/1/www.aconvert.com/js/jquery.form.js]
[E:/Мои веб сайы/1/www.pdfconvertonline.com/rest-web-api-code.html]
[E:/Мои веб сайы/1/www.pdfconvertonline.com/images/help/interface.png]
[E:/Мои веб сайы/1/www.pdfconvertonline.com/help/interface.html]
[E:/Мои веб сайы/1/www.pdfconvertonline.com/help/add-document-files.html]
[E:/Мои веб сайы/1/www.pdfconvertonline.com/help/add-image-files.html]
[E:/Мои веб сайы/1/www.pdfconvertonline.com/images/help/create-pdf.png]
[E:/Мои веб сайы/1/www.pdfconvertonline.com/help/create-pdf.html]
[E:/Мои веб сайы/1/www.pdfconvertonline.com/help/add-pdf-files.html]
[E:/Мои веб сайы/1/www.pdfconvertonline.com/images/help/select-document-type.png]
[E:/Мои веб сайы/1/www.pdfconvertonline.com/help/select-document-type.html]
[E:/Мои веб сайы/1/www.pdfconvertonline.com/help/convert-pdf.html]
[E:/Мои веб сайы/1/www.pdfconvertonline.com/help/split-pdf-file.html]
[E:/Мои веб сайы/1/www.pdfconvertonline.com/help/join-pdf-files.html]
[E:/Мои веб сайы/1/www.pdfconvertonline.com/help/remove-pdf-restrictions.html]
[E:/Мои веб сайы/1/www.pdfconvertonline.com/help/add-watermark-to-pdf.html]
[E:/Мои веб сайы/1/www.pdfconvertonline.com/images/help/set-pdf-metadata.png]
[E:/Мои веб сайы/1/www.pdfconvertonline.com/help/set-pdf-metadata.html]
[E:/Мои веб сайы/1/www.pdfconvertonline.com/help/add-pdf-restrictions.html]
[E:/Мои веб сайы/1/www.pdfconvertonline.com/images/tips/adobe-reader.png]
[E:/Мои веб сайы/1/www.pdfconvertonline.com/tips/content-in-pdf.html]
[E:/Мои веб сайы/1/www.pdfconvertonline.com/tips/difference-between-pdf-and-epub.html]
[E:/Мои веб сайы/1/www.pdfconvertonline.com/images/tips/microsoft-onenote.png]
[E:/Мои веб сайы/1/www.pdfconvertonline.com/tips/what-is-ocr.html]
[E:/Мои веб сайы/1/www.pdfconvertonline.com/tips/what-is-pdf-printer.html]
[E:/Мои веб сайы/1/www.pdfconvertonline.com/images/tips/foxit-reader.png]
[E:/Мои веб сайы/1/www.pdfconvertonline.com/tips/best-pdf-reader-for-windows.html]
[E:/Мои веб сайы/1/www.pdfconvertonline.com/images/tips/preview-mac.png]
[E:/Мои веб сайы/1/www.pdfconvertonline.com/images/tips/adobe-reader-for-mac.png]
[E:/Мои веб сайы/1/www.pdfconvertonline.com/tips/best-pdf-reader-for-mac.html]
[E:/Мои веб сайы/1/www.pdfconvertonline.com/images/tips/adobe-reader-for-android.png]
[E:/Мои веб сайы/1/www.pdfconvertonline.com/images/tips/ezpdf-reader-for-android.png]
[E:/Мои веб сайы/1/www.pdfconvertonline.com/tips/best-pdf-reader-for-android.html]
[E:/Мои веб сайы/1/www.pdfconvertonline.com/images/tips/adobe-reader-for-iphone.png]
[E:/Мои веб сайы/1/www.pdfconvertonline.com/tips/best-pdf-reader-for-iphone.html]
[E:/Мои веб сайы/1/www.pdfconvertonline.com/images/tips/axi-pro.png]
[E:/Мои веб сайы/1/www.pdfconvertonline.com/images/tips/pdfedit.png]
[E:/Мои веб сайы/1/www.pdfconvertonline.com/tips/best-pdf-editor-for-windows.html]
[E:/Мои веб сайы/1/www.pdfconvertonline.com/images/tips/pdfescape.png]
[E:/Мои веб сайы/1/www.pdfconvertonline.com/images/tips/cutepdf-editor.png]
[E:/Мои веб сайы/1/www.pdfconvertonline.com/tips/best-pdf-editor-online-programs.html]
[E:/Мои веб сайы/1/www.pdfconvertonline.com/images/tips/tesseract-ocr.png]
[E:/Мои веб сайы/1/www.pdfconvertonline.com/tips/best-ocr-software.html]
[E:/Мои веб сайы/1/www.pdfconvertonline.com/images/tips/free-ocr.png]
[E:/Мои веб сайы/1/www.pdfconvertonline.com/images/tips/online-ocr.png]
[E:/Мои веб сайы/1/www.pdfconvertonline.com/tips/best-ocr-online-programs.html]
[E:/Мои веб сайы/1/www.pdfconvertonline.com/images/tutorials/convert-word-to-pdf-mac-1.png]
[E:/Мои веб сайы/1/www.pdfconvertonline.com/images/tutorials/convert-word-to-pdf-mac-2.png]
[E:/Мои веб сайы/1/www.pdfconvertonline.com/images/tutorials/convert-word-to-pdf-mac-3.png]
[E:/Мои веб сайы/1/www.pdfconvertonline.com/images/tutorials/convert-word-to-pdf-mac-4.png]
[E:/Мои веб сайы/1/www.pdfconvertonline.com/images/tutorials/convert-word-to-pdf-mac-5.png]
[E:/Мои веб сайы/1/www.pdfconvertonline.com/tutorials/convert-word-to-pdf-mac.html]
[E:/Мои веб сайы/1/www.pdfconvertonline.com/images/tutorials/add-password-to-pdf-mac-1.png]
[E:/Мои веб сайы/1/www.pdfconvertonline.com/images/tutorials/add-password-to-pdf-mac-2.png]
[E:/Мои веб сайы/1/www.pdfconvertonline.com/images/tutorials/add-password-to-pdf-mac-3.png]
[E:/Мои веб сайы/1/www.pdfconvertonline.com/images/tutorials/add-password-to-pdf-mac-4.png]
[E:/Мои веб сайы/1/www.pdfconvertonline.com/images/tutorials/add-password-to-pdf-mac-5.png]
[E:/Мои веб сайы/1/www.pdfconvertonline.com/tutorials/add-password-to-pdf-mac.html]
[E:/Мои веб сайы/1/www.pdfconvertonline.com/tutorials/convert-pdf-to-word-in-java.html]
[E:/Мои веб сайы/1/www.pdfconvertonline.com/tutorials/convert-pdf-to-word-in-delphi.html]
[E:/Мои веб сайы/1/www.pdfconvertonline.com/tutorials/convert-pdf-to-word-in-php.html]
[E:/Мои веб сайы/1/www.pdfconvertonline.com/tutorials/convert-pdf-to-word-in-c-plus-plus.html]
[E:/Мои веб сайы/1/www.pdfconvertonline.com/tutorials/convert-pdf-to-word-in-c-sharp.html]
[E:/Мои веб сайы/1/www.pdfconvertonline.com/tutorials/convert-pdf-to-word-in-vb-net.html]
[E:/Мои веб сайы/1/www.pdfconvertonline.com/download/pdfconvert.exe]
[E:/Мои веб сайы/1/www.pdfconvertonline.com/download.html]
[E:/Мои веб сайы/1/www.pdfconvertonline.com/buynow.html]
[E:/Мои веб сайы/1/www.pdfconvertonline.com/docx-to-pdf-converter-features.html]
[E:/Мои веб сайы/1/www.pdfconvertonline.com/jpeg-to-pdf-converter-features.html]
[E:/Мои веб сайы/1/www.pdfconvertonline.com/mobi-to-pdf-converter-features.html]
[E:/Мои веб сайы/1/www.pdfconvertonline.com/pdf-to-xls-converter-features.html]
[E:/Мои веб сайы/1/www.pdfconvertonline.com/pdf-splitter-joiner-features.html]
[E:/Мои веб сайы/1/www.pdfconvertonline.com/pdf-restrictions-remover-features.html]
